namespace org.example

typeref ExampleUnion = union[]
