namespace org.example

typeref ExampleTyperef = ref
